No encryption key found - Auto-generating and saving to: /home/jules/.n8n/config
Initializing n8n process
n8n ready on ::, port 5678
Migrations in progress, please do NOT stop the process.
Starting migration InitialMigration1588102412422
Finished migration InitialMigration1588102412422
Starting migration WebhookModel1592445003908
Finished migration WebhookModel1592445003908
Starting migration CreateIndexStoppedAt1594825041918
Finished migration CreateIndexStoppedAt1594825041918
Starting migration MakeStoppedAtNullable1607431743769
Finished migration MakeStoppedAtNullable1607431743769
Starting migration AddWebhookId1611071044839
Finished migration AddWebhookId1611071044839
Starting migration CreateTagEntity1617213344594
Finished migration CreateTagEntity1617213344594
Starting migration UniqueWorkflowNames1620821879465
Finished migration UniqueWorkflowNames1620821879465
Starting migration AddWaitColumn1621707690587
Finished migration AddWaitColumn1621707690587
Starting migration UpdateWorkflowCredentials1630330987096
Finished migration UpdateWorkflowCredentials1630330987096
Starting migration AddExecutionEntityIndexes1644421939510
Finished migration AddExecutionEntityIndexes1644421939510
Starting migration CreateUserManagement1646992772331
Finished migration CreateUserManagement1646992772331
Starting migration LowerCaseUserEmail1648740597343
Finished migration LowerCaseUserEmail1648740597343
Starting migration CommunityNodes1652254514001
Finished migration CommunityNodes1652254514001
Starting migration AddUserSettings1652367743993
Finished migration AddUserSettings1652367743993
Starting migration AddAPIKeyColumn1652905585850
Finished migration AddAPIKeyColumn1652905585850
Starting migration IntroducePinData1654089251344
Finished migration IntroducePinData1654089251344
Starting migration AddNodeIds1658930531669
Finished migration AddNodeIds1658930531669
Starting migration AddJsonKeyPinData1659888469333
Finished migration AddJsonKeyPinData1659888469333
Starting migration CreateCredentialsUserRole1660062385367
Finished migration CreateCredentialsUserRole1660062385367
Starting migration CreateWorkflowsEditorRole1663755770892
Finished migration CreateWorkflowsEditorRole1663755770892
Starting migration WorkflowStatistics1664196174000
Finished migration WorkflowStatistics1664196174000
Starting migration CreateCredentialUsageTable1665484192211
Finished migration CreateCredentialUsageTable1665484192211
Starting migration RemoveCredentialUsageTable1665754637024
Finished migration RemoveCredentialUsageTable1665754637024
Starting migration AddWorkflowVersionIdColumn1669739707124
Finished migration AddWorkflowVersionIdColumn1669739707124
Starting migration AddTriggerCountColumn1669823906993
Finished migration AddTriggerCountColumn1669823906993
Starting migration MessageEventBusDestinations1671535397530
Finished migration MessageEventBusDestinations1671535397530
Starting migration RemoveWorkflowDataLoadedFlag1671726148419
Finished migration RemoveWorkflowDataLoadedFlag1671726148419
Starting migration DeleteExecutionsWithWorkflows1673268682475
Finished migration DeleteExecutionsWithWorkflows1673268682475
Starting migration AddStatusToExecutions1674138566000
Finished migration AddStatusToExecutions1674138566000
Starting migration CreateLdapEntities1674509946020
Finished migration CreateLdapEntities1674509946020
Starting migration PurgeInvalidWorkflowConnections1675940580449
Finished migration PurgeInvalidWorkflowConnections1675940580449
Starting migration MigrateExecutionStatus1676996103000
Finished migration MigrateExecutionStatus1676996103000
Starting migration UpdateRunningExecutionStatus1677237073720
Finished migration UpdateRunningExecutionStatus1677237073720
Starting migration CreateVariables1677501636752
Finished migration CreateVariables1677501636752
Starting migration CreateExecutionMetadataTable1679416281777
Finished migration CreateExecutionMetadataTable1679416281777
Starting migration AddUserActivatedProperty1681134145996
Finished migration AddUserActivatedProperty1681134145996
Starting migration RemoveSkipOwnerSetup1681134145997
Finished migration RemoveSkipOwnerSetup1681134145997
Starting migration MigrateIntegerKeysToString1690000000002
Finished migration MigrateIntegerKeysToString1690000000002
Starting migration SeparateExecutionData1690000000010
Finished migration SeparateExecutionData1690000000010
Starting migration FixMissingIndicesFromStringIdMigration1690000000020
Finished migration FixMissingIndicesFromStringIdMigration1690000000020
Starting migration RemoveResetPasswordColumns1690000000030
Finished migration RemoveResetPasswordColumns1690000000030
Starting migration AddMfaColumns1690000000030
Finished migration AddMfaColumns1690000000030
Starting migration CreateWorkflowNameIndex1691088862123
Finished migration CreateWorkflowNameIndex1691088862123
Starting migration CreateWorkflowHistoryTable1692967111175
Finished migration CreateWorkflowHistoryTable1692967111175
Starting migration ExecutionSoftDelete1693491613982
Finished migration ExecutionSoftDelete1693491613982
Starting migration DisallowOrphanExecutions1693554410387
Finished migration DisallowOrphanExecutions1693554410387
Starting migration AddWorkflowMetadata1695128658538
Finished migration AddWorkflowMetadata1695128658538
Starting migration ModifyWorkflowHistoryNodesAndConnections1695829275184
Finished migration ModifyWorkflowHistoryNodesAndConnections1695829275184
Starting migration AddGlobalAdminRole1700571993961
Finished migration AddGlobalAdminRole1700571993961
Starting migration DropRoleMapping1705429061930
Finished migration DropRoleMapping1705429061930
Starting migration RemoveFailedExecutionStatus1711018413374
Finished migration RemoveFailedExecutionStatus1711018413374
Starting migration MoveSshKeysToDatabase1711390882123
[MoveSshKeysToDatabase1711390882123] No SSH keys in filesystem, skipping
Finished migration MoveSshKeysToDatabase1711390882123
Starting migration RemoveNodesAccess1712044305787
Finished migration RemoveNodesAccess1712044305787
Starting migration CreateProject1714133768519
Finished migration CreateProject1714133768519
Starting migration MakeExecutionStatusNonNullable1714133768521
Finished migration MakeExecutionStatusNonNullable1714133768521
Starting migration AddActivatedAtUserSetting1717498465931
Finished migration AddActivatedAtUserSetting1717498465931
Starting migration AddConstraintToExecutionMetadata1720101653148
Finished migration AddConstraintToExecutionMetadata1720101653148
Starting migration CreateInvalidAuthTokenTable1723627610222
Finished migration CreateInvalidAuthTokenTable1723627610222
Starting migration RefactorExecutionIndices1723796243146
Finished migration RefactorExecutionIndices1723796243146
Starting migration CreateAnnotationTables1724753530828
Finished migration CreateAnnotationTables1724753530828
Starting migration AddApiKeysTable1724951148974
Finished migration AddApiKeysTable1724951148974
Starting migration CreateProcessedDataTable1726606152711
Finished migration CreateProcessedDataTable1726606152711
Starting migration SeparateExecutionCreationFromStart1727427440136
Finished migration SeparateExecutionCreationFromStart1727427440136
Starting migration AddMissingPrimaryKeyOnAnnotationTagMapping1728659839644
Finished migration AddMissingPrimaryKeyOnAnnotationTagMapping1728659839644
Starting migration UpdateProcessedDataValueColumnToText1729607673464
Finished migration UpdateProcessedDataValueColumnToText1729607673464
Starting migration AddProjectIcons1729607673469
Finished migration AddProjectIcons1729607673469
Starting migration CreateTestDefinitionTable1730386903556
Finished migration CreateTestDefinitionTable1730386903556
Starting migration AddDescriptionToTestDefinition1731404028106
Finished migration AddDescriptionToTestDefinition1731404028106
Starting migration MigrateTestDefinitionKeyToString1731582748663
Finished migration MigrateTestDefinitionKeyToString1731582748663
Starting migration CreateTestMetricTable1732271325258
Finished migration CreateTestMetricTable1732271325258
Starting migration CreateTestRun1732549866705
Finished migration CreateTestRun1732549866705
Starting migration AddMockedNodesColumnToTestDefinition1733133775640
Finished migration AddMockedNodesColumnToTestDefinition1733133775640
Starting migration AddManagedColumnToCredentialsTable1734479635324
Finished migration AddManagedColumnToCredentialsTable1734479635324
Starting migration AddStatsColumnsToTestRun1736172058779
Finished migration AddStatsColumnsToTestRun1736172058779
Starting migration CreateTestCaseExecutionTable1736947513045
Finished migration CreateTestCaseExecutionTable1736947513045
Starting migration AddErrorColumnsToTestRuns1737715421462
Finished migration AddErrorColumnsToTestRuns1737715421462
Starting migration CreateFolderTable1738709609940
Finished migration CreateFolderTable1738709609940
Starting migration CreateAnalyticsTables1739549398681
Finished migration CreateAnalyticsTables1739549398681
Starting migration UpdateParentFolderIdColumn1740445074052
Finished migration UpdateParentFolderIdColumn1740445074052
Starting migration RenameAnalyticsToInsights1741167584277
Finished migration RenameAnalyticsToInsights1741167584277
Starting migration AddScopesColumnToApiKeys1742918400000
Finished migration AddScopesColumnToApiKeys1742918400000
Starting migration ClearEvaluation1745322634000
Finished migration ClearEvaluation1745322634000
Starting migration AddWorkflowStatisticsRootCount1745587087521
Finished migration AddWorkflowStatisticsRootCount1745587087521
Starting migration AddWorkflowArchivedColumn1745934666076
Finished migration AddWorkflowArchivedColumn1745934666076
Starting migration DropRoleTable1745934666077
Finished migration DropRoleTable1745934666077
Starting migration AddProjectDescriptionColumn1747824239000
Finished migration AddProjectDescriptionColumn1747824239000
Starting migration AddLastActiveAtColumnToUser1750252139166
Finished migration AddLastActiveAtColumnToUser1750252139166
Starting migration AddScopeTables1750252139166
Finished migration AddScopeTables1750252139166
Starting migration AddRolesTables1750252139167
Finished migration AddRolesTables1750252139167
Starting migration LinkRoleToUserTable1750252139168
Finished migration LinkRoleToUserTable1750252139168
Starting migration RemoveOldRoleColumn1750252139170
Finished migration RemoveOldRoleColumn1750252139170
Starting migration AddInputsOutputsToTestCaseExecution1752669793000
Finished migration AddInputsOutputsToTestCaseExecution1752669793000
Starting migration LinkRoleToProjectRelationTable1753953244168
Finished migration LinkRoleToProjectRelationTable1753953244168
Starting migration CreateDataStoreTables1754475614601
Finished migration CreateDataStoreTables1754475614601
Starting migration ReplaceDataStoreTablesWithDataTables1754475614602
Finished migration ReplaceDataStoreTablesWithDataTables1754475614602
Starting migration AddTimestampsToRoleAndRoleIndexes1756906557570
Finished migration AddTimestampsToRoleAndRoleIndexes1756906557570
Starting migration AddAudienceColumnToApiKeys1758731786132
Finished migration AddAudienceColumnToApiKeys1758731786132
Starting migration AddProjectIdToVariableTable1758794506893
Finished migration AddProjectIdToVariableTable1758794506893
Starting migration ChangeValueTypesForInsights1759399811000
Finished migration ChangeValueTypesForInsights1759399811000
Starting migration CreateChatHubTables1760019379982
Finished migration CreateChatHubTables1760019379982
Starting migration CreateChatHubAgentTable1760020000000
Finished migration CreateChatHubAgentTable1760020000000
Starting migration UniqueRoleNames1760020838000
Finished migration UniqueRoleNames1760020838000
Starting migration CreateOAuthEntities1760116750277
Finished migration CreateOAuthEntities1760116750277
Starting migration CreateWorkflowDependencyTable1760314000000
Finished migration CreateWorkflowDependencyTable1760314000000
Starting migration DropUnusedChatHubColumns1760965142113
Finished migration DropUnusedChatHubColumns1760965142113
Starting migration AddWorkflowVersionColumn1761047826451
Finished migration AddWorkflowVersionColumn1761047826451
Starting migration ChangeDependencyInfoToJson1761655473000
Finished migration ChangeDependencyInfoToJson1761655473000
Starting migration AddAttachmentsToChatHubMessages1761773155024
Finished migration AddAttachmentsToChatHubMessages1761773155024
Starting migration AddToolsColumnToChatHubTables1761830340990
Finished migration AddToolsColumnToChatHubTables1761830340990
Starting migration AddWorkflowDescriptionColumn1762177736257
Finished migration AddWorkflowDescriptionColumn1762177736257
Starting migration BackfillMissingWorkflowHistoryRecords1762763704614
Finished migration BackfillMissingWorkflowHistoryRecords1762763704614
Starting migration AddIsGlobalColumnToCredentialsTable1762771954619
Finished migration AddIsGlobalColumnToCredentialsTable1762771954619
Starting migration AddWorkflowHistoryAutoSaveFields1762847206508
Finished migration AddWorkflowHistoryAutoSaveFields1762847206508
Starting migration AddActiveVersionIdColumn1763047800000
Finished migration AddActiveVersionIdColumn1763047800000
Starting migration ActivateExecuteWorkflowTriggerWorkflows1763048000000
Finished migration ActivateExecuteWorkflowTriggerWorkflows1763048000000
Starting migration ChangeOAuthStateColumnToUnboundedVarchar1763572724000
Finished migration ChangeOAuthStateColumnToUnboundedVarchar1763572724000
Starting migration CreateBinaryDataTable1763716655000
Finished migration CreateBinaryDataTable1763716655000
Starting migration CreateWorkflowPublishHistoryTable1764167920585
Finished migration CreateWorkflowPublishHistoryTable1764167920585
Starting migration AddCreatorIdToProjectTable1764276827837
Finished migration AddCreatorIdToProjectTable1764276827837
Starting migration CreateDynamicCredentialResolverTable1764682447000
Finished migration CreateDynamicCredentialResolverTable1764682447000
Starting migration AddDynamicCredentialEntryTable1764689388394
Finished migration AddDynamicCredentialEntryTable1764689388394
Starting migration AddResolvableFieldsToCredentials1764689448000
Finished migration AddResolvableFieldsToCredentials1764689448000
Starting migration BackfillMissingWorkflowHistoryRecords1765448186933
Finished migration BackfillMissingWorkflowHistoryRecords1765448186933
Starting migration AddIconToAgentTable1765788427674
Finished migration AddIconToAgentTable1765788427674
Starting migration AddAgentIdForeignKeys1765886667897
Finished migration AddAgentIdForeignKeys1765886667897
Starting migration AddWorkflowVersionIdToExecutionData1765892199653
Finished migration AddWorkflowVersionIdToExecutionData1765892199653
Starting migration AddWorkflowPublishScopeToProjectRoles1766064542000
Added workflow:publish scope to project roles with workflow:update
Finished migration AddWorkflowPublishScopeToProjectRoles1766064542000
Starting migration AddChatMessageIndices1766068346315
Finished migration AddChatMessageIndices1766068346315
Starting migration ChangeWorkflowStatisticsFKToNoAction1767018516000
Finished migration ChangeWorkflowStatisticsFKToNoAction1767018516000
Starting migration ExpandModelColumnLength1768402473068
Finished migration ExpandModelColumnLength1768402473068
Starting migration AddStoredAtToExecutionEntity1768557000000
Finished migration AddStoredAtToExecutionEntity1768557000000
Starting migration AddDynamicCredentialUserEntryTable1768901721000
Finished migration AddDynamicCredentialUserEntryTable1768901721000
Starting migration AddPublishedVersionIdToWorkflowDependency1769000000000
Finished migration AddPublishedVersionIdToWorkflowDependency1769000000000
Starting migration CreateSecretsProviderConnectionTables1769433700000
Finished migration CreateSecretsProviderConnectionTables1769433700000
Starting migration CreateWorkflowPublishedVersionTable1769698710000
Finished migration CreateWorkflowPublishedVersionTable1769698710000
Starting migration ExpandSubjectIDColumnLength1769784356000
Finished migration ExpandSubjectIDColumnLength1769784356000
Starting migration AddWorkflowUnpublishScopeToCustomRoles1769900001000
Finished migration AddWorkflowUnpublishScopeToCustomRoles1769900001000
Starting migration CreateChatHubToolsTable1770000000000
Finished migration CreateChatHubToolsTable1770000000000
Starting migration ExpandProviderIdColumnLength1770000000000
Finished migration ExpandProviderIdColumnLength1770000000000
Starting migration CreateWorkflowBuilderSessionTable1770220686000
Finished migration CreateWorkflowBuilderSessionTable1770220686000
Starting migration AddScalingFieldsToTestRun1771417407753
Finished migration AddScalingFieldsToTestRun1771417407753
Starting migration MigrateExternalSecretsToEntityStorage1771500000000
[MigrateExternalSecretsToEntityStorage1771500000000] No external secrets settings found, skipping
Finished migration MigrateExternalSecretsToEntityStorage1771500000000
Starting migration AddUnshareScopeToCustomRoles1771500000001
Finished migration AddUnshareScopeToCustomRoles1771500000001
Starting migration AddFilesColumnToChatHubAgents1771500000002
Finished migration AddFilesColumnToChatHubAgents1771500000002
Starting migration AddSuggestedPromptsToAgentTable1772000000000
Finished migration AddSuggestedPromptsToAgentTable1772000000000
Starting migration AddRoleColumnToProjectSecretsProviderAccess1772619247761
Finished migration AddRoleColumnToProjectSecretsProviderAccess1772619247761
Starting migration ChangeWorkflowPublishedVersionFKsToRestrict1772619247762
Finished migration ChangeWorkflowPublishedVersionFKsToRestrict1772619247762
Starting migration AddTypeToChatHubSessions1772700000000
Finished migration AddTypeToChatHubSessions1772700000000
Starting migration CreateRoleMappingRuleTable1772800000000
Finished migration CreateRoleMappingRuleTable1772800000000
Starting migration CreateCredentialDependencyTable1773000000000
[CreateCredentialDependencyTable1773000000000] Backfilled credential dependencies for 0 credentials. Inserted 0 dependencies.
Finished migration CreateCredentialDependencyTable1773000000000
Starting migration AddRestoreFieldsToWorkflowBuilderSession1774280963551
Finished migration AddRestoreFieldsToWorkflowBuilderSession1774280963551
Starting migration CreateInstanceVersionHistoryTable1774854660000
Finished migration CreateInstanceVersionHistoryTable1774854660000
Starting migration CreateInstanceAiTables1775000000000
Finished migration CreateInstanceAiTables1775000000000
Starting migration CreateTokenExchangeJtiTable1775116241000
Finished migration CreateTokenExchangeJtiTable1775116241000
Starting migration ChangeWorkflowPublishHistoryVersionIdToSetNull1775740765000
Finished migration ChangeWorkflowPublishHistoryVersionIdToSetNull1775740765000
Starting migration CreateTrustedKeyTables1776000000000
Finished migration CreateTrustedKeyTables1776000000000
Starting migration CreateFavoritesTable1776150756000
Finished migration CreateFavoritesTable1776150756000
Starting migration CreateDeploymentKeyTable1777000000000
Finished migration CreateDeploymentKeyTable1777000000000
Starting migration AddJweKeyIndexesToDeploymentKey1777023444000
Finished migration AddJweKeyIndexesToDeploymentKey1777023444000
Starting migration AddTracingContextToExecution1777045000000
Finished migration AddTracingContextToExecution1777045000000
Starting migration AddLangsmithIdsToInstanceAiRunSnapshots1777100000000
Finished migration AddLangsmithIdsToInstanceAiRunSnapshots1777100000000
Starting migration CreateAiBuilderTemporaryWorkflowTable1777281990043
Finished migration CreateAiBuilderTemporaryWorkflowTable1777281990043
Starting migration AddExecutionDeduplicationKey1778000000000
Finished migration AddExecutionDeduplicationKey1778000000000
n8n Task Broker ready on 127.0.0.1, port 5679
Failed to start Python task runner in internal mode. because its virtual environment is missing from this system. Launching a Python runner in internal mode is intended only for debugging and is not recommended for production. Users are encouraged to deploy in external mode. See: https://docs.n8n.io/hosting/configuration/task-runners/#setting-up-external-mode
[license SDK] Skipping renewal on init: license cert is not initialized
Registered runner "JS Task Runner" (DGO73RN2VyYm6h-g9zvx7)
Instance registered
Discovered 4 cluster checks
Recorded version change: (none) -> 2.20.9
Version: 2.20.9
Building workflow dependency index...
Finished building workflow dependency index. Processed 0 draft workflows, 0 published workflows.

Editor is now accessible via:
http://localhost:5678
