============================= test session starts ==============================
platform linux -- Python 3.12.13, pytest-9.0.3, pluggy-1.6.0
rootdir: /app
plugins: asyncio-1.3.0, anyio-4.13.0
asyncio: mode=Mode.STRICT, debug=False, asyncio_default_fixture_loop_scope=None, asyncio_default_test_loop_scope=function
collected 201 items

backend/tests/test_api.py ...                                            [  1%]
backend/tests/test_api_extra.py ..................................       [ 18%]
backend/tests/test_config.py ...........                                 [ 23%]
backend/tests/test_main.py ...................                           [ 33%]
backend/tests/test_monitoring.py .................                       [ 41%]
backend/tests/test_terminal.py ...............................           [ 57%]
nanoc/tests/test_concurrency.py ..                                       [ 58%]
nanoc/tests/test_core.py ..                                              [ 59%]
nanoc/tests/test_enhanced.py ..                                          [ 60%]
nanoc/tests/test_flow.py .                                               [ 60%]
nanoc/tests/test_integration_rigorous.py .                               [ 61%]
nanoc/tests/test_pr_new_changes.py ..................................... [ 79%]
......................................                                   [ 98%]
nanoc/tests/test_stress.py ...                                           [100%]

=============================== warnings summary ===============================
backend/tests/test_api_extra.py: 3 warnings
nanoc/tests/test_concurrency.py: 11 warnings
nanoc/tests/test_enhanced.py: 4 warnings
nanoc/tests/test_flow.py: 6 warnings
nanoc/tests/test_integration_rigorous.py: 56 warnings
nanoc/tests/test_pr_new_changes.py: 110 warnings
nanoc/tests/test_stress.py: 500 warnings
  /app/nanoc/memory/memory.py:96: DeprecationWarning: The default datetime adapter is deprecated as of Python 3.12; see the sqlite3 documentation for suggested replacement recipes
    cursor.execute('INSERT INTO events (topic, payload, schema_version, timestamp) VALUES (?, ?, ?, ?)',

backend/tests/test_terminal.py::TestTerminalWebsocketRoute::test_websocket_exception_closes_connection
  /home/jules/.pyenv/versions/3.12.13/lib/python3.12/site-packages/starlette/_exception_handler.py:23: RuntimeWarning: coroutine 'AsyncMockMixin._execute_mock_call' was never awaited
    def wrap_app_handling_exceptions(app: ASGIApp, conn: Request | WebSocket) -> ASGIApp:
  Enable tracemalloc to get traceback where the object was allocated.
  See https://docs.pytest.org/en/stable/how-to/capture-warnings.html#resource-warnings for more info.

nanoc/tests/test_concurrency.py: 4 warnings
nanoc/tests/test_core.py: 1 warning
nanoc/tests/test_flow.py: 2 warnings
nanoc/tests/test_integration_rigorous.py: 26 warnings
nanoc/tests/test_pr_new_changes.py: 56 warnings
  /app/nanoc/memory/memory.py:151: DeprecationWarning: The default datetime adapter is deprecated as of Python 3.12; see the sqlite3 documentation for suggested replacement recipes
    cursor.execute('INSERT INTO logs (agent_id, content, timestamp) VALUES (?, ?, ?)',

nanoc/tests/test_concurrency.py: 4 warnings
nanoc/tests/test_flow.py: 2 warnings
nanoc/tests/test_integration_rigorous.py: 16 warnings
nanoc/tests/test_pr_new_changes.py: 40 warnings
nanoc/tests/test_stress.py: 400 warnings
  /app/nanoc/memory/memory.py:174: DeprecationWarning: The default datetime adapter is deprecated as of Python 3.12; see the sqlite3 documentation for suggested replacement recipes
    cursor.execute('''

nanoc/tests/test_enhanced.py: 4 warnings
nanoc/tests/test_flow.py: 4 warnings
nanoc/tests/test_integration_rigorous.py: 9 warnings
nanoc/tests/test_pr_new_changes.py: 28 warnings
nanoc/tests/test_stress.py: 300 warnings
  /app/nanoc/memory/memory.py:158: DeprecationWarning: The default datetime adapter is deprecated as of Python 3.12; see the sqlite3 documentation for suggested replacement recipes
    cursor.execute('INSERT OR REPLACE INTO knowledge (key, value, updated_at) VALUES (?, ?, ?)',

nanoc/tests/test_integration_rigorous.py::test_full_agent_workflow_with_recovery
nanoc/tests/test_integration_rigorous.py::test_full_agent_workflow_with_recovery
nanoc/tests/test_integration_rigorous.py::test_full_agent_workflow_with_recovery
nanoc/tests/test_integration_rigorous.py::test_full_agent_workflow_with_recovery
nanoc/tests/test_integration_rigorous.py::test_full_agent_workflow_with_recovery
nanoc/tests/test_integration_rigorous.py::test_full_agent_workflow_with_recovery
  /app/nanoc/core/orchestrator.py:171: DeprecationWarning: The default datetime adapter is deprecated as of Python 3.12; see the sqlite3 documentation for suggested replacement recipes
    cursor.execute("UPDATE tasks SET status = 'processing', updated_at = ? WHERE id = ?", (datetime.now(), task['id']))

nanoc/tests/test_integration_rigorous.py::test_full_agent_workflow_with_recovery
nanoc/tests/test_integration_rigorous.py::test_full_agent_workflow_with_recovery
nanoc/tests/test_integration_rigorous.py::test_full_agent_workflow_with_recovery
nanoc/tests/test_integration_rigorous.py::test_full_agent_workflow_with_recovery
nanoc/tests/test_integration_rigorous.py::test_full_agent_workflow_with_recovery
nanoc/tests/test_integration_rigorous.py::test_full_agent_workflow_with_recovery
  /app/nanoc/core/orchestrator.py:80: DeprecationWarning: The default datetime adapter is deprecated as of Python 3.12; see the sqlite3 documentation for suggested replacement recipes
    cursor.execute(

nanoc/tests/test_pr_new_changes.py::TestOrchestratorRetryLogic::test_process_task_sets_pending_on_first_failure[asyncio]
nanoc/tests/test_pr_new_changes.py::TestOrchestratorRetryLogic::test_process_task_sets_failed_after_exceeding_max_retries[asyncio]
nanoc/tests/test_pr_new_changes.py::TestOrchestratorRetryLogic::test_process_task_publishes_task_failed_event_when_truly_failed[asyncio]
nanoc/tests/test_pr_new_changes.py::TestOrchestratorRetryLogic::test_process_task_does_not_publish_task_failed_event_on_retry[asyncio]
nanoc/tests/test_pr_new_changes.py::TestOrchestratorRetryLogic::test_process_task_increments_retry_count[asyncio]
nanoc/tests/test_pr_new_changes.py::TestOrchestratorRetryLogic::test_process_task_failed_event_includes_project_id[asyncio]
  /app/nanoc/core/orchestrator.py:96: DeprecationWarning: The default datetime adapter is deprecated as of Python 3.12; see the sqlite3 documentation for suggested replacement recipes
    cursor.execute(

nanoc/tests/test_pr_new_changes.py::TestOrchestratorScaling::test_handle_scale_down_removes_worker_when_above_initial[asyncio]
  /home/jules/.pyenv/versions/3.12.13/lib/python3.12/unittest/mock.py:2217: RuntimeWarning: coroutine 'sleep' was never awaited
    def __init__(self, name, parent):
  Enable tracemalloc to get traceback where the object was allocated.
  See https://docs.pytest.org/en/stable/how-to/capture-warnings.html#resource-warnings for more info.

-- Docs: https://docs.pytest.org/en/stable/how-to/capture-warnings.html
===================== 201 passed, 1606 warnings in 21.31s ======================
